C51 COMPILER V9.60.7.0   MAIN                                                              09/24/2026 14:41:51 PAGE 1   


C51 COMPILER V9.60.7.0, COMPILATION OF MODULE MAIN
OBJECT MODULE PLACED IN .\Objects\main.obj
COMPILER INVOKED BY: E:\Keil C51\C51\BIN\C51.EXE main.c OPTIMIZE(8,SPEED) BROWSE DEBUG OBJECTEXTEND PRINT(.\Listings\mai
                    -n.lst) TABS(2) OBJECT(.\Objects\main.obj)

line level    source

   1          #include<REG52.H>
   2          
   3          typedef unsigned char u8;
   4          typedef unsigned int u16;
   5          
   6          sbit BEEP = P2^5;
   7          
   8          void delay_10us(u16 ten_us)
   9          {
  10   1          while(ten_us--);
  11   1      }
  12          
  13          
  14          void main()
  15          {
  16   1          u16 i=2000;
  17   1          while(1)
  18   1          {
  19   2              BEEP = !BEEP;
  20   2              delay_10us(500);
  21   2      //        BEEP = 1;
  22   2      //        delay_10us(50000);
  23   2          }
  24   1      
  25   1      }


MODULE INFORMATION:   STATIC OVERLAYABLE
   CODE SIZE        =     28    ----
   CONSTANT SIZE    =   ----    ----
   XDATA SIZE       =   ----    ----
   PDATA SIZE       =   ----    ----
   DATA SIZE        =   ----       2
   IDATA SIZE       =   ----    ----
   BIT SIZE         =   ----    ----
END OF MODULE INFORMATION.


C51 COMPILATION COMPLETE.  0 WARNING(S),  0 ERROR(S)
