C51 COMPILER V9.60.7.0   MAIN                                                              09/22/2026 14:33:14 PAGE 1   


C51 COMPILER V9.60.7.0, COMPILATION OF MODULE MAIN
OBJECT MODULE PLACED IN .\Objects\main.obj
COMPILER INVOKED BY: E:\Keil C51\C51\BIN\C51.EXE main.c OPTIMIZE(8,SPEED) BROWSE DEBUG OBJECTEXTEND PRINT(.\Listings\mai
                    -n.lst) TABS(2) OBJECT(.\Objects\main.obj)

line level    source

   1          #include"REG51.H"
   2          #include"stdint.h"
*** WARNING C318 IN LINE 2 OF main.c: can't open file 'stdint.h'
   3          
   4          sbit led1 = P2^0; // Define led1 as the first bit of port 2
   5          sbit led2 = P2^1; // Define led2 as the second bit of port 2
   6          sbit led3 = P2^2; // Define led3 as the third bit of port 2
   7          sbit led4 = P2^3; // Define led4 as the fourth bit of port 2
   8          sbit led5 = P2^4; // Define led5 as the fifth bit of port 2
   9          sbit led6 = P2^5; // Define led6 as the sixth bit of port 2
  10          sbit led7 = P2^6; // Define led7 as the seventh bit of port 2
  11          
  12          //typedef unsigned char u8;
  13          //typedef unsigned int u16;    原写法
  14          
  15          
  16          typedef uint8_t u8;
*** ERROR C129 IN LINE 16 OF main.c: missing ';' before 'u8'
  17          typedef uint16_t u16;    //加入头文件stdint.h以后的写法
  18          
  19          
  20          void delay10ms(u16 ten_us)
  21          {
  22              while(ten_us--);
  23          }
  24          
  25          void main()
  26          {
  27              while(1)
  28              {
  29                  led1 = 0; // Turn on led1
  30                  led2 = 0; // Turn on led2
  31                  led3 = 0; // Turn on led3
  32                  led4 = 0; // Turn on led4
  33                  led5 = 0; // Turn on led5
  34          
  35              }
  36          
  37              
  38          }

C51 COMPILATION COMPLETE.  1 WARNING(S),  1 ERROR(S)
