C51 COMPILER V9.60.7.0   MAIN                                                              09/22/2026 14:51:00 PAGE 1   


C51 COMPILER V9.60.7.0, COMPILATION OF MODULE MAIN
OBJECT MODULE PLACED IN .\Objects\main.obj
COMPILER INVOKED BY: E:\Keil C51\C51\BIN\C51.EXE main.c OMF2 OPTIMIZE(8,SPEED) BROWSE DEBUG PRINT(.\Listings\main.lst) T
                    -ABS(2) OBJECT(.\Objects\main.obj)

line level    source

   1          #include<REG52.H>
   2          //#include<stdint.h>
   3          
   4          sbit led1 = P2^0; // Define led1 as the first bit of port 2
   5          sbit led2 = P2^1; // Define led2 as the second bit of port 2
   6          sbit led3 = P2^2; // Define led3 as the third bit of port 2
   7          sbit led4 = P2^3; // Define led4 as the fourth bit of port 2
   8          sbit led5 = P2^4; // Define led5 as the fifth bit of port 2
   9          sbit led6 = P2^5; // Define led6 as the sixth bit of port 2
  10          sbit led7 = P2^6; // Define led7 as the seventh bit of port 2
  11          
  12          typedef unsigned char u8;
  13          typedef unsigned int u16;    //原写法
  14          
  15          
  16          //typedef uint8_t u8;
  17          //typedef uint16_t u16;    //加入头文件stdint.h以后的写法,但是很遗憾C51不支持c99
  18          
  19          
  20          void delay10ms(u16 ten_us)
  21          {
  22   1          while(ten_us--);
  23   1      }
  24          
  25          void main()
  26          {
  27   1          while(1)
  28   1          {
  29   2              led1 = 0; // Turn on led1
  30   2              led2 = 0; // Turn on led2
  31   2              led3 = 0; // Turn on led3
  32   2              led4 = 0; // Turn on led4
  33   2              led5 = 0; // Turn on led5
  34   2      
  35   2          }
  36   1      
  37   1          
  38   1      }


MODULE INFORMATION:   STATIC OVERLAYABLE
   CODE SIZE        =     23    ----
   CONSTANT SIZE    =   ----    ----
   XDATA SIZE       =   ----    ----
   PDATA SIZE       =   ----    ----
   DATA SIZE        =   ----    ----
   IDATA SIZE       =   ----    ----
   BIT SIZE         =   ----    ----
   EDATA SIZE       =   ----    ----
   HDATA SIZE       =   ----    ----
   XDATA CONST SIZE =   ----    ----
   FAR CONST SIZE   =   ----    ----
END OF MODULE INFORMATION.


C51 COMPILATION COMPLETE.  0 WARNING(S),  0 ERROR(S)
