BL51 BANKED LINKER/LOCATER V6.22.4.0                                                    09/21/2026  16:25:50  PAGE 1


BL51 BANKED LINKER/LOCATER V6.22.4.0, INVOKED BY:
E:\KEIL C51\C51\BIN\BL51.EXE .\Objects\STARTUP.obj, .\Objects\main.obj TO .\Objects\project PRINT (.\Listings\project.m5
>> 1) RAMSIZE (256)


MEMORY MODEL: SMALL


INPUT MODULES INCLUDED:
  .\Objects\STARTUP.obj (?C_STARTUP)
  .\Objects\main.obj (MAIN)


LINK MAP OF MODULE:  .\Objects\project (?C_STARTUP)


            TYPE    BASE      LENGTH    RELOCATION   SEGMENT NAME
            -----------------------------------------------------

            * * * * * * *   D A T A   M E M O R Y   * * * * * * *
            REG     0000H     0008H     ABSOLUTE     "REG BANK 0"
            IDATA   0008H     0001H     UNIT         ?STACK

            * * * * * * *   C O D E   M E M O R Y   * * * * * * *
            CODE    0000H     0003H     ABSOLUTE     
            CODE    0003H     000CH     UNIT         ?C_C51STARTUP
            CODE    000FH     000CH     UNIT         ?PR?MAIN?MAIN
            CODE    001BH     000BH     UNIT         ?PR?_DELAY10MS?MAIN



OVERLAY MAP OF MODULE:   .\Objects\project (?C_STARTUP)


SEGMENT
  +--> CALLED SEGMENT
---------------------
?C_C51STARTUP
  +--> ?PR?MAIN?MAIN



SYMBOL TABLE OF MODULE:  .\Objects\project (?C_STARTUP)

  VALUE           TYPE          NAME
  ----------------------------------

  -------         MODULE        ?C_STARTUP
  C:0003H         SEGMENT       ?C_C51STARTUP
  I:0008H         SEGMENT       ?STACK
  C:0000H         PUBLIC        ?C_STARTUP
  D:00E0H         SYMBOL        ACC
  D:00F0H         SYMBOL        B
  D:0083H         SYMBOL        DPH
  D:0082H         SYMBOL        DPL
  N:0000H         SYMBOL        IBPSTACK
  N:0100H         SYMBOL        IBPSTACKTOP
  N:0080H         SYMBOL        IDATALEN
BL51 BANKED LINKER/LOCATER V6.22.4.0                                                  09/21/2026  16:25:50  PAGE 2


  C:0006H         SYMBOL        IDATALOOP
  N:0000H         SYMBOL        PBPSTACK
  N:0100H         SYMBOL        PBPSTACKTOP
  N:0000H         SYMBOL        PDATALEN
  N:0000H         SYMBOL        PDATASTART
  N:0000H         SYMBOL        PPAGE
  N:0000H         SYMBOL        PPAGEENABLE
  D:00A0H         SYMBOL        PPAGE_SFR
  D:0081H         SYMBOL        SP
  C:0003H         SYMBOL        STARTUP1
  N:0000H         SYMBOL        XBPSTACK
  N:0000H         SYMBOL        XBPSTACKTOP
  N:0000H         SYMBOL        XDATALEN
  N:0000H         SYMBOL        XDATASTART
  C:0000H         LINE#         126
  C:0003H         LINE#         133
  C:0005H         LINE#         134
  C:0006H         LINE#         135
  C:0007H         LINE#         136
  C:0009H         LINE#         185
  C:000CH         LINE#         196
  -------         ENDMOD        ?C_STARTUP

  -------         MODULE        MAIN
  C:0000H         SYMBOL        _ICE_DUMMY_
  D:00A0H         PUBLIC        P2
  C:000FH         PUBLIC        main
  C:001BH         PUBLIC        _delay10ms
  B:00A0H.0       PUBLIC        led1
  B:00A0H.1       PUBLIC        led2
  B:00A0H.2       PUBLIC        led3
  B:00A0H.3       PUBLIC        led4
  B:00A0H.4       PUBLIC        led5
  -------         PROC          _DELAY10MS
  D:0006H         SYMBOL        ten_us
  C:001BH         LINE#         16
  C:001BH         LINE#         17
  C:001BH         LINE#         18
  C:0025H         LINE#         19
  -------         ENDPROC       _DELAY10MS
  -------         PROC          MAIN
  C:000FH         LINE#         21
  C:000FH         LINE#         22
  C:000FH         LINE#         23
  C:000FH         LINE#         24
  C:000FH         LINE#         25
  C:0011H         LINE#         26
  C:0013H         LINE#         27
  C:0015H         LINE#         28
  C:0017H         LINE#         29
  C:0019H         LINE#         31
  -------         ENDPROC       MAIN
  -------         ENDMOD        MAIN

*** WARNING L16: UNCALLED SEGMENT, IGNORED FOR OVERLAY PROCESS
    SEGMENT: ?PR?_DELAY10MS?MAIN

BL51 BANKED LINKER/LOCATER V6.22.4.0                                                  09/21/2026  16:25:50  PAGE 3


Program Size: data=9.0 xdata=0 code=38
LINK/LOCATE RUN COMPLETE.  1 WARNING(S),  0 ERROR(S)
