C51 COMPILER V9.54   MAIN                                                                  09/17/2026 19:20:16 PAGE 1   


C51 COMPILER V9.54, COMPILATION OF MODULE MAIN
OBJECT MODULE PLACED IN .\Objects\main.obj
COMPILER INVOKED BY: H:\Keil C51\C51\BIN\C51.EXE main.c OPTIMIZE(8,SPEED) BROWSE DEBUG OBJECTEXTEND PRINT(.\Listings\mai
                    -n.lst) TABS(2) OBJECT(.\Objects\main.obj)

line level    source

   1          #include "reg52.h"
   2          
   3          typedef unsigned char u8;
   4          typedef unsigned int u16;
   5          
   6          sbit BEEP = P2^5;
   7          
   8          
   9          #define LED_PORT P2
  10          
  11          void delay_10us(u16 ten_us)
  12          {
  13   1          while(ten_us--);
  14   1      }
  15          
  16          void main()
  17          {
  18   1          u16 i=2000;
  19   1      
  20   1          while(1)
  21   1          {
  22   2              while(i--)
  23   2              {
  24   3                  BEEP=!BEEP;
  25   3                  delay_10us(100);
  26   3      //            BEEP=0;
  27   3      //            delay_10us(50);
  28   3      //            BEEP=1;
  29   3      //            delay_10us(150);
  30   3              }
  31   2              i = 0;
  32   2              BEEP=0;
  33   2              
  34   2          }
  35   1      }


MODULE INFORMATION:   STATIC OVERLAYABLE
   CODE SIZE        =     43    ----
   CONSTANT SIZE    =   ----    ----
   XDATA SIZE       =   ----    ----
   PDATA SIZE       =   ----    ----
   DATA SIZE        =   ----    ----
   IDATA SIZE       =   ----    ----
   BIT SIZE         =   ----    ----
END OF MODULE INFORMATION.


C51 COMPILATION COMPLETE.  0 WARNING(S),  0 ERROR(S)
